// Jest Snapshot v1, https://goo.gl/fbAQLP

exports[`compiler: transform v-on should work w/ prefixIdentifiers: true 1`] = `
Object {
  "key": Object {
    "constType": 3,
    "content": "onTap",
    "isStatic": true,
    "loc": Object {
      "end": Object {
        "column": 12,
        "line": 1,
        "offset": 11,
      },
      "source": "tap",
      "start": Object {
        "column": 9,
        "line": 1,
        "offset": 8,
      },
    },
    "type": 4,
  },
  "loc": Object {
    "end": Object {
      "column": 1,
      "line": 1,
      "offset": 0,
    },
    "source": "",
    "start": Object {
      "column": 1,
      "line": 1,
      "offset": 0,
    },
  },
  "type": 16,
  "value": Object {
    "loc": Object {
      "end": Object {
        "column": 1,
        "line": 1,
        "offset": 0,
      },
      "source": "",
      "start": Object {
        "column": 1,
        "line": 1,
        "offset": 0,
      },
    },
    "properties": Array [
      Object {
        "key": Object {
          "constType": 3,
          "content": "handler",
          "isStatic": true,
          "loc": Object {
            "end": Object {
              "column": 1,
              "line": 1,
              "offset": 0,
            },
            "source": "",
            "start": Object {
              "column": 1,
              "line": 1,
              "offset": 0,
            },
          },
          "type": 4,
        },
        "loc": Object {
          "end": Object {
            "column": 1,
            "line": 1,
            "offset": 0,
          },
          "source": "",
          "start": Object {
            "column": 1,
            "line": 1,
            "offset": 0,
          },
        },
        "type": 16,
        "value": Object {
          "constType": 0,
          "content": "_ctx.test",
          "isStatic": false,
          "loc": Object {
            "end": Object {
              "column": 23,
              "line": 1,
              "offset": 22,
            },
            "source": "test",
            "start": Object {
              "column": 19,
              "line": 1,
              "offset": 18,
            },
          },
          "type": 4,
        },
      },
      Object {
        "key": Object {
          "constType": 3,
          "content": "options",
          "isStatic": true,
          "loc": Object {
            "end": Object {
              "column": 1,
              "line": 1,
              "offset": 0,
            },
            "source": "",
            "start": Object {
              "column": 1,
              "line": 1,
              "offset": 0,
            },
          },
          "type": 4,
        },
        "loc": Object {
          "end": Object {
            "column": 1,
            "line": 1,
            "offset": 0,
          },
          "source": "",
          "start": Object {
            "column": 1,
            "line": 1,
            "offset": 0,
          },
        },
        "type": 16,
        "value": Object {
          "loc": Object {
            "end": Object {
              "column": 1,
              "line": 1,
              "offset": 0,
            },
            "source": "",
            "start": Object {
              "column": 1,
              "line": 1,
              "offset": 0,
            },
          },
          "properties": Array [
            Object {
              "key": Object {
                "constType": 3,
                "content": "once",
                "isStatic": true,
                "loc": Object {
                  "end": Object {
                    "column": 1,
                    "line": 1,
                    "offset": 0,
                  },
                  "source": "",
                  "start": Object {
                    "column": 1,
                    "line": 1,
                    "offset": 0,
                  },
                },
                "type": 4,
              },
              "loc": Object {
                "end": Object {
                  "column": 1,
                  "line": 1,
                  "offset": 0,
                },
                "source": "",
                "start": Object {
                  "column": 1,
                  "line": 1,
                  "offset": 0,
                },
              },
              "type": 16,
              "value": Object {
                "constType": 0,
                "content": "true",
                "isStatic": false,
                "loc": Object {
                  "end": Object {
                    "column": 1,
                    "line": 1,
                    "offset": 0,
                  },
                  "source": "",
                  "start": Object {
                    "column": 1,
                    "line": 1,
                    "offset": 0,
                  },
                },
                "type": 4,
              },
            },
          ],
          "type": 15,
        },
      },
    ],
    "type": 15,
  },
}
`;
